
> yuvara@0.1.0 build
> next build

   Γû▓ Next.js 16.0.7 (Turbopack)
   - Environments: .env

   Creating an optimized production build ...
node.exe : 
At C:\Program 
Files\nodejs\npm.ps1:29 
char:3
+   & $NODE_EXE 
$NPM_CLI_JS $args
+   ~~~~~~~~~~~~~~~~~~~~~~
~~~~~~~
    + CategoryInfo        
      : NotS    pecified: 
(:Str    ing) [], Remote  
  Exception
    + FullyQualifie    
dErrorId : Nati    
veCommandError
 
> Build error occurred
Error: Turbopack build 
failed with 2 errors:
./app/admin/products/new/p
age.tsx:11:1
Module not found: Can't 
resolve '../../ProductForm
.module.css'
[0m [90m  9 |[39m
 [90m 10 |[39m [90m// 
Point to the shared CSS 
module[39m
[31m[1m>[22m[39m[90m 
11 |[39m 
[36mimport[39m styles 
[36mfrom[39m [32m"../..
/ProductForm.module.css"[
39m[33m;[39m
 [90m    |[39m [31m[1m
^[22m[39m[31m[1m^[22m
[39m[31m[1m^[22m[39m
[31m[1m^[22m[39m[31m[
1m^[22m[39m[31m[1m^[2
2m[39m[31m[1m^[22m[39
m[31m[1m^[22m[39m[31m
[1m^[22m[39m[31m[1m^
[22m[39m[31m[1m^[22m[
39m[31m[1m^[22m[39m[3
1m[1m^[22m[39m[31m[1m
^[22m[39m[31m[1m^[22m
[39m[31m[1m^[22m[39m
[31m[1m^[22m[39m[31m[
1m^[22m[39m[31m[1m^[2
2m[39m[31m[1m^[22m[39
m[31m[1m^[22m[39m[31m
[1m^[22m[39m[31m[1m^
[22m[39m[31m[1m^[22m[
39m[31m[1m^[22m[39m[3
1m[1m^[22m[39m[31m[1m
^[22m[39m[31m[1m^[22m
[39m[31m[1m^[22m[39m
[31m[1m^[22m[39m[31m[
1m^[22m[39m[31m[1m^[2
2m[39m[31m[1m^[22m[39
m[31m[1m^[22m[39m[31m
[1m^[22m[39m[31m[1m^
[22m[39m[31m[1m^[22m[
39m[31m[1m^[22m[39m[3
1m[1m^[22m[39m[31m[1m
^[22m[39m[31m[1m^[22m
[39m[31m[1m^[22m[39m
[31m[1m^[22m[39m[31m[
1m^[22m[39m[31m[1m^[2
2m[39m[31m[1m^[22m[39
m[31m[1m^[22m[39m[31m
[1m^[22m[39m[31m[1m^
[22m[39m[31m[1m^[22m[
39m
 [90m 12 |[39m 
[36mexport[39m 
[36mdefault[39m 
[36mfunction[39m [33mNe
wProductPage[39m() {
 [90m 13 |[39m   
[36mconst[39m router 
[33m=[39m 
useRouter()[33m;[39m
 [90m 14 |[39m   
[36mconst[39m {[0m



Import traces:
  Client Component 
Browser:
    ./app/admin/products/n
ew/page.tsx [Client 
Component Browser]
    ./app/admin/products/n
ew/page.tsx [Server 
Component]

  Client Component SSR:
    ./app/admin/products/n
ew/page.tsx [Client 
Component SSR]
    ./app/admin/products/n
ew/page.tsx [Server 
Component]

https://nextjs.org/docs/me
ssages/module-not-found


./app/admin/products/new/p
age.tsx:11:1
Module not found: Can't 
resolve '../../ProductForm
.module.css'
[0m [90m  9 |[39m
 [90m 10 |[39m [90m// 
Point to the shared CSS 
module[39m
[31m[1m>[22m[39m[90m 
11 |[39m 
[36mimport[39m styles 
[36mfrom[39m [32m"../..
/ProductForm.module.css"[
39m[33m;[39m
 [90m    |[39m [31m[1m
^[22m[39m[31m[1m^[22m
[39m[31m[1m^[22m[39m
[31m[1m^[22m[39m[31m[
1m^[22m[39m[31m[1m^[2
2m[39m[31m[1m^[22m[39
m[31m[1m^[22m[39m[31m
[1m^[22m[39m[31m[1m^
[22m[39m[31m[1m^[22m[
39m[31m[1m^[22m[39m[3
1m[1m^[22m[39m[31m[1m
^[22m[39m[31m[1m^[22m
[39m[31m[1m^[22m[39m
[31m[1m^[22m[39m[31m[
1m^[22m[39m[31m[1m^[2
2m[39m[31m[1m^[22m[39
m[31m[1m^[22m[39m[31m
[1m^[22m[39m[31m[1m^
[22m[39m[31m[1m^[22m[
39m[31m[1m^[22m[39m[3
1m[1m^[22m[39m[31m[1m
^[22m[39m[31m[1m^[22m
[39m[31m[1m^[22m[39m
[31m[1m^[22m[39m[31m[
1m^[22m[39m[31m[1m^[2
2m[39m[31m[1m^[22m[39
m[31m[1m^[22m[39m[31m
[1m^[22m[39m[31m[1m^
[22m[39m[31m[1m^[22m[
39m[31m[1m^[22m[39m[3
1m[1m^[22m[39m[31m[1m
^[22m[39m[31m[1m^[22m
[39m[31m[1m^[22m[39m
[31m[1m^[22m[39m[31m[
1m^[22m[39m[31m[1m^[2
2m[39m[31m[1m^[22m[39
m[31m[1m^[22m[39m[31m
[1m^[22m[39m[31m[1m^
[22m[39m[31m[1m^[22m[
39m
 [90m 12 |[39m
 [90m 13 |[39m 
[36mexport[39m 
[36mdefault[39m 
[36mfunction[39m [33mNe
wProductPage[39m() {
 [90m 14 |[39m   
[36mconst[39m router 
[33m=[39m 
useRouter()[33m;[39m[0m



Import traces:
  Client Component 
Browser:
    ./app/admin/products/n
ew/page.tsx [Client 
Component Browser]
    ./app/admin/products/n
ew/page.tsx [Server 
Component]

  Client Component SSR:
    ./app/admin/products/n
ew/page.tsx [Client 
Component SSR]
    ./app/admin/products/n
ew/page.tsx [Server 
Component]

https://nextjs.org/docs/me
ssages/module-not-found


    at <unknown> (./app/ad
min/products/new/page.tsx:
11:1)
    at <unknown> (https://
nextjs.org/docs/messages/m
odule-not-found)
    at <unknown> (./app/ad
min/products/new/page.tsx:
11:1)
    at <unknown> (https://
nextjs.org/docs/messages/m
odule-not-found)
