.next/dev/types/routes.d.ts(197,3): error TS1128: Declaration or statement expected.
.next/dev/types/routes.d.ts(198,1): error TS1128: Declaration or statement expected.
.next/dev/types/validator.ts(1169,1): error TS1434: Unexpected keyword or identifier.
.next/dev/types/validator.ts(1171,8): error TS1005: ';' expected.
.next/dev/types/validator.ts(1172,1): error TS1128: Declaration or statement expected.
