.next/dev/types/validator.ts(162,31): error TS2344: Type 'typeof import("C:/Projects/yuvara/app/api/admin/orders/[id]/route")' does not satisfy the constraint 'RouteHandlerConfig<"/api/admin/orders/[id]">'.
  Types of property 'GET' are incompatible.
    Type '(req: Request, { params }: { params: { id: string; }; }) => Promise<NextResponse<any>>' is not assignable to type '(request: NextRequest, context: { params: Promise<{ id: string; }>; }) => void | Response | Promise<void | Response>'.
      Types of parameters '__1' and 'context' are incompatible.
        Type '{ params: Promise<{ id: string; }>; }' is not assignable to type '{ params: { id: string; }; }'.
          Types of property 'params' are incompatible.
            Property 'id' is missing in type 'Promise<{ id: string; }>' but required in type '{ id: string; }'.
.next/dev/types/validator.ts(216,31): error TS2344: Type 'typeof import("C:/Projects/yuvara/app/api/products/[id]/route")' does not satisfy the constraint 'RouteHandlerConfig<"/api/products/[id]">'.
  Types of property 'GET' are incompatible.
    Type '(req: Request, { params }: { params: { id: string; }; }) => Promise<NextResponse<any>>' is not assignable to type '(request: NextRequest, context: { params: Promise<{ id: string; }>; }) => void | Response | Promise<void | Response>'.
      Types of parameters '__1' and 'context' are incompatible.
        Type '{ params: Promise<{ id: string; }>; }' is not assignable to type '{ params: { id: string; }; }'.
          Types of property 'params' are incompatible.
            Property 'id' is missing in type 'Promise<{ id: string; }>' but required in type '{ id: string; }'.
.next/types/validator.ts(162,31): error TS2344: Type 'typeof import("C:/Projects/yuvara/app/api/admin/orders/[id]/route")' does not satisfy the constraint 'RouteHandlerConfig<"/api/admin/orders/[id]">'.
  Types of property 'GET' are incompatible.
    Type '(req: Request, { params }: { params: { id: string; }; }) => Promise<NextResponse<any>>' is not assignable to type '(request: NextRequest, context: { params: Promise<{ id: string; }>; }) => void | Response | Promise<void | Response>'.
      Types of parameters '__1' and 'context' are incompatible.
        Type '{ params: Promise<{ id: string; }>; }' is not assignable to type '{ params: { id: string; }; }'.
          Types of property 'params' are incompatible.
            Property 'id' is missing in type 'Promise<{ id: string; }>' but required in type '{ id: string; }'.
.next/types/validator.ts(216,31): error TS2344: Type 'typeof import("C:/Projects/yuvara/app/api/products/[id]/route")' does not satisfy the constraint 'RouteHandlerConfig<"/api/products/[id]">'.
  Types of property 'GET' are incompatible.
    Type '(req: Request, { params }: { params: { id: string; }; }) => Promise<NextResponse<any>>' is not assignable to type '(request: NextRequest, context: { params: Promise<{ id: string; }>; }) => void | Response | Promise<void | Response>'.
      Types of parameters '__1' and 'context' are incompatible.
        Type '{ params: Promise<{ id: string; }>; }' is not assignable to type '{ params: { id: string; }; }'.
          Types of property 'params' are incompatible.
            Property 'id' is missing in type 'Promise<{ id: string; }>' but required in type '{ id: string; }'.
auth.ts(12,3): error TS2322: Type 'import("C:/Projects/yuvara/node_modules/@auth/core/adapters").Adapter' is not assignable to type 'import("C:/Projects/yuvara/node_modules/next-auth/node_modules/@auth/core/adapters").Adapter'.
  Types of property 'createUser' are incompatible.
    Type '((user: import("C:/Projects/yuvara/node_modules/@auth/core/adapters").AdapterUser) => import("C:/Projects/yuvara/node_modules/@auth/core/types").Awaitable<import("C:/Projects/yuvara/node_modules/@auth/core/adapters").AdapterUser>) | undefined' is not assignable to type '((user: import("C:/Projects/yuvara/node_modules/next-auth/node_modules/@auth/core/adapters").AdapterUser) => import("C:/Projects/yuvara/node_modules/next-auth/node_modules/@auth/core/types").Awaitable<import("C:/Projects/yuvara/node_modules/next-auth/node_modules/@auth/core/adapters").AdapterUser>) | undefined'.
      Type '(user: import("C:/Projects/yuvara/node_modules/@auth/core/adapters").AdapterUser) => import("C:/Projects/yuvara/node_modules/@auth/core/types").Awaitable<import("C:/Projects/yuvara/node_modules/@auth/core/adapters").AdapterUser>' is not assignable to type '(user: import("C:/Projects/yuvara/node_modules/next-auth/node_modules/@auth/core/adapters").AdapterUser) => import("C:/Projects/yuvara/node_modules/next-auth/node_modules/@auth/core/types").Awaitable<import("C:/Projects/yuvara/node_modules/next-auth/node_modules/@auth/core/adapters").AdapterUser>'.
        Type 'import("C:/Projects/yuvara/node_modules/@auth/core/types").Awaitable<import("C:/Projects/yuvara/node_modules/@auth/core/adapters").AdapterUser>' is not assignable to type 'import("C:/Projects/yuvara/node_modules/next-auth/node_modules/@auth/core/types").Awaitable<import("C:/Projects/yuvara/node_modules/next-auth/node_modules/@auth/core/adapters").AdapterUser>'.
          Type 'AdapterUser' is not assignable to type 'Awaitable<AdapterUser>'.
            Property 'role' is missing in type 'import("C:/Projects/yuvara/node_modules/@auth/core/adapters").AdapterUser' but required in type 'import("C:/Projects/yuvara/node_modules/next-auth/node_modules/@auth/core/adapters").AdapterUser'.
lib/mail.ts(1,24): error TS7016: Could not find a declaration file for module 'nodemailer'. 'C:/Projects/yuvara/node_modules/nodemailer/lib/nodemailer.js' implicitly has an 'any' type.
  Try `npm i --save-dev @types/nodemailer` if it exists or add a new declaration (.d.ts) file containing `declare module 'nodemailer';`
